
   WARN  Metadata found in doc-comment for method Tests\Unit\OtpServiceTest::it_can_generate_an_otp(). Metadata in doc-comments is deprecated and will no longer be supported in PHPUnit 12. Update your test code to use attributes instead.

   WARN  Metadata found in doc-comment for method Tests\Unit\OtpServiceTest::it_invalidates_previous_otps(). Metadata in doc-comments is deprecated and will no longer be supported in PHPUnit 12. Update your test code to use attributes instead.

   WARN  Metadata found in doc-comment for method Tests\Unit\OtpServiceTest::it_can_validate_an_otp(). Metadata in doc-comments is deprecated and will no longer be supported in PHPUnit 12. Update your test code to use attributes instead.

   WARN  Metadata found in doc-comment for method Tests\Unit\OtpServiceTest::it_fails_validation_for_invalid_otp(). Metadata in doc-comments is deprecated and will no longer be supported in PHPUnit 12. Update your test code to use attributes instead.

   WARN  Metadata found in doc-comment for method Tests\Unit\OtpServiceTest::it_can_send_an_otp_via_email(). Metadata in doc-comments is deprecated and will no longer be supported in PHPUnit 12. Update your test code to use attributes instead.

   WARN  Metadata found in doc-comment for method Tests\Feature\GuiderAuthTest::a_guider_can_register_and_receives_an_otp_via_email(). Metadata in doc-comments is deprecated and will no longer be supported in PHPUnit 12. Update your test code to use attributes instead.

   WARN  Metadata found in doc-comment for method Tests\Feature\GuiderAuthTest::a_guider_can_verify_their_email_with_an_otp(). Metadata in doc-comments is deprecated and will no longer be supported in PHPUnit 12. Update your test code to use attributes instead.

   PASS  Tests\Unit\ExampleTest
  Γ£ô that true is true                                                          0.02s  

   FAIL  Tests\Unit\OtpServiceTest
  Γ£ô it can generate an otp                                                     2.48s  
  Γ¿» it invalidates previous otps                                               0.28s  
  Γ£ô it can validate an otp                                                     0.23s  
  Γ£ô it fails validation for invalid otp                                        0.22s  
  Γ£ô it can send an otp via email                                               0.28s  

   PASS  Tests\Feature\ExampleTest
  Γ£ô the application returns a successful response                              0.33s  

   FAIL  Tests\Feature\ExplorationTest
  Γ¿» user can check in to place                                                 0.48s  
  Γ¿» user can view leaderboard                                                  0.30s  
  Γ¿» user can view home content                                                 0.27s  
  Γ¿» user can view discover feed                                                0.26s  
  Γ¿» user can view and accept quests                                            0.30s  
  Γ¿» personalized ai recommendations                                            0.33s  

   FAIL  Tests\Feature\GuiderAuthTest
  Γ¿» a guider can register and receives an otp via email                        0.38s  
  Γ¿» a guider can verify their email with an otp                                0.36s  
  ΓöÇΓöÇΓöÇΓöÇΓöÇΓöÇΓöÇΓöÇΓöÇΓöÇΓöÇΓöÇΓöÇΓöÇΓöÇΓöÇΓöÇΓöÇΓöÇΓöÇΓöÇΓöÇΓöÇΓöÇΓöÇΓöÇΓöÇΓöÇΓöÇΓöÇΓöÇΓöÇΓöÇΓöÇΓöÇΓöÇΓöÇΓöÇΓöÇΓöÇΓöÇΓöÇΓöÇΓöÇΓöÇΓöÇΓöÇΓöÇΓöÇΓöÇΓöÇΓöÇΓöÇΓöÇΓöÇΓöÇΓöÇΓöÇΓöÇΓöÇΓöÇΓöÇΓöÇΓöÇΓöÇΓöÇΓöÇΓöÇΓöÇΓöÇΓöÇΓöÇΓöÇΓöÇΓöÇΓöÇΓöÇΓöÇΓöÇΓöÇΓöÇΓöÇ  
   FAILED  Tests\Unit\OtpServiceTest > it invalidates previous otps                   
  Failed asserting that 0 is false.

  at tests\Unit\OtpServiceTest.php:47
     43Γûò         $identifier = 'axxgha.zy01@gmail.com';
     44Γûò         $otp1 = $this->otpService->generate($identifier);
     45Γûò         $otp2 = $this->otpService->generate($identifier);
     46Γûò 
  Γ₧£  47Γûò         $this->assertFalse($otp1->fresh()->valid);
     48Γûò         $this->assertTrue($otp2->valid);
     49Γûò     }
     50Γûò 
     51Γûò     /** @test */

  1   tests\Unit\OtpServiceTest.php:47

  ΓöÇΓöÇΓöÇΓöÇΓöÇΓöÇΓöÇΓöÇΓöÇΓöÇΓöÇΓöÇΓöÇΓöÇΓöÇΓöÇΓöÇΓöÇΓöÇΓöÇΓöÇΓöÇΓöÇΓöÇΓöÇΓöÇΓöÇΓöÇΓöÇΓöÇΓöÇΓöÇΓöÇΓöÇΓöÇΓöÇΓöÇΓöÇΓöÇΓöÇΓöÇΓöÇΓöÇΓöÇΓöÇΓöÇΓöÇΓöÇΓöÇΓöÇΓöÇΓöÇΓöÇΓöÇΓöÇΓöÇΓöÇΓöÇΓöÇΓöÇΓöÇΓöÇΓöÇΓöÇΓöÇΓöÇΓöÇΓöÇΓöÇΓöÇΓöÇΓöÇΓöÇΓöÇΓöÇΓöÇΓöÇΓöÇΓöÇΓöÇΓöÇΓöÇ  
   FAILED  Tests\Feature\ExplorationTest > user can check in to place                 
  Expected response status code [200] but received 404.
Failed asserting that 404 is identical to 200.

  at tests\Feature\ExplorationTest.php:53
     49Γûò             'latitude' => 30.0,
     50Γûò             'longitude' => 31.0
     51Γûò         ]);
     52Γûò 
  Γ₧£  53Γûò         $response->assertStatus(200)
     54Γûò             ->assertJsonPath('message', 'Check-in successful! +50 XP awarded.');
     55Γûò 
     56Γûò         $user->refresh();
     57Γûò         $this->assertEquals(50, $user->exp);

  ΓöÇΓöÇΓöÇΓöÇΓöÇΓöÇΓöÇΓöÇΓöÇΓöÇΓöÇΓöÇΓöÇΓöÇΓöÇΓöÇΓöÇΓöÇΓöÇΓöÇΓöÇΓöÇΓöÇΓöÇΓöÇΓöÇΓöÇΓöÇΓöÇΓöÇΓöÇΓöÇΓöÇΓöÇΓöÇΓöÇΓöÇΓöÇΓöÇΓöÇΓöÇΓöÇΓöÇΓöÇΓöÇΓöÇΓöÇΓöÇΓöÇΓöÇΓöÇΓöÇΓöÇΓöÇΓöÇΓöÇΓöÇΓöÇΓöÇΓöÇΓöÇΓöÇΓöÇΓöÇΓöÇΓöÇΓöÇΓöÇΓöÇΓöÇΓöÇΓöÇΓöÇΓöÇΓöÇΓöÇΓöÇΓöÇΓöÇΓöÇΓöÇΓöÇ  
   FAILED  Tests\Feature\ExplorationTest > user can view leaderboard                  
  Expected response status code [200] but received 404.
Failed asserting that 404 is identical to 200.

  at tests\Feature\ExplorationTest.php:78
     74Γûò         Sanctum::actingAs($user2);
     75Γûò 
     76Γûò         $response = $this->getJson('/api/user/leaderboard');
     77Γûò 
  Γ₧£  78Γûò         $response->assertStatus(200)
     79Γûò             ->assertJsonStructure(['data' => ['topUsers']])
     80Γûò             ->assertJsonPath('data.topUsers.0.name', 'Top User');
     81Γûò     }
     82Γûò

  ΓöÇΓöÇΓöÇΓöÇΓöÇΓöÇΓöÇΓöÇΓöÇΓöÇΓöÇΓöÇΓöÇΓöÇΓöÇΓöÇΓöÇΓöÇΓöÇΓöÇΓöÇΓöÇΓöÇΓöÇΓöÇΓöÇΓöÇΓöÇΓöÇΓöÇΓöÇΓöÇΓöÇΓöÇΓöÇΓöÇΓöÇΓöÇΓöÇΓöÇΓöÇΓöÇΓöÇΓöÇΓöÇΓöÇΓöÇΓöÇΓöÇΓöÇΓöÇΓöÇΓöÇΓöÇΓöÇΓöÇΓöÇΓöÇΓöÇΓöÇΓöÇΓöÇΓöÇΓöÇΓöÇΓöÇΓöÇΓöÇΓöÇΓöÇΓöÇΓöÇΓöÇΓöÇΓöÇΓöÇΓöÇΓöÇΓöÇΓöÇΓöÇΓöÇ  
   FAILED  Tests\Feature\ExplorationTest > user can view home content                 
  Expected response status code [200] but received 404.
Failed asserting that 404 is identical to 200.

  at tests\Feature\ExplorationTest.php:90
     86Γûò         Sanctum::actingAs($user);
     87Γûò 
     88Γûò         $response = $this->getJson('/api/user/home');
     89Γûò 
  Γ₧£  90Γûò         $response->assertStatus(200)
     91Γûò             ->assertJsonStructure([
     92Γûò                 'data' => [
     93Γûò                     'user_summary',
     94Γûò                     'recommendations',

  ΓöÇΓöÇΓöÇΓöÇΓöÇΓöÇΓöÇΓöÇΓöÇΓöÇΓöÇΓöÇΓöÇΓöÇΓöÇΓöÇΓöÇΓöÇΓöÇΓöÇΓöÇΓöÇΓöÇΓöÇΓöÇΓöÇΓöÇΓöÇΓöÇΓöÇΓöÇΓöÇΓöÇΓöÇΓöÇΓöÇΓöÇΓöÇΓöÇΓöÇΓöÇΓöÇΓöÇΓöÇΓöÇΓöÇΓöÇΓöÇΓöÇΓöÇΓöÇΓöÇΓöÇΓöÇΓöÇΓöÇΓöÇΓöÇΓöÇΓöÇΓöÇΓöÇΓöÇΓöÇΓöÇΓöÇΓöÇΓöÇΓöÇΓöÇΓöÇΓöÇΓöÇΓöÇΓöÇΓöÇΓöÇΓöÇΓöÇΓöÇΓöÇΓöÇ  
   FAILED  Tests\Feature\ExplorationTest > user can view discover feed                
  Expected response status code [200] but received 404.
Failed asserting that 404 is identical to 200.

  at tests\Feature\ExplorationTest.php:108
    104Γûò         Sanctum::actingAs($user);
    105Γûò 
    106Γûò         $response = $this->getJson('/api/user/discover');
    107Γûò 
  Γ₧£ 108Γûò         $response->assertStatus(200)
    109Γûò             ->assertJsonStructure([
    110Γûò                 'data' => [
    111Γûò                     'popular',
    112Γûò                     'hidden_gems',

  ΓöÇΓöÇΓöÇΓöÇΓöÇΓöÇΓöÇΓöÇΓöÇΓöÇΓöÇΓöÇΓöÇΓöÇΓöÇΓöÇΓöÇΓöÇΓöÇΓöÇΓöÇΓöÇΓöÇΓöÇΓöÇΓöÇΓöÇΓöÇΓöÇΓöÇΓöÇΓöÇΓöÇΓöÇΓöÇΓöÇΓöÇΓöÇΓöÇΓöÇΓöÇΓöÇΓöÇΓöÇΓöÇΓöÇΓöÇΓöÇΓöÇΓöÇΓöÇΓöÇΓöÇΓöÇΓöÇΓöÇΓöÇΓöÇΓöÇΓöÇΓöÇΓöÇΓöÇΓöÇΓöÇΓöÇΓöÇΓöÇΓöÇΓöÇΓöÇΓöÇΓöÇΓöÇΓöÇΓöÇΓöÇΓöÇΓöÇΓöÇΓöÇΓöÇ  
   FAILED  Tests\Feature\ExplorationTest > user can view and accept quests            
  Expected response status code [200] but received 404.
Failed asserting that 404 is identical to 200.

  at tests\Feature\ExplorationTest.php:126
    122Γûò         Sanctum::actingAs($user);
    123Γûò 
    124Γûò         // List quests
    125Γûò         $response = $this->getJson('/api/user/quests');
  Γ₧£ 126Γûò         $response->assertStatus(200)
    127Γûò             ->assertJsonPath('data.available_quests.0.title', $quest->title);
    128Γûò 
    129Γûò         // Accept quest
    130Γûò         $response = $this->postJson("/api/user/quests/accept/{$quest->id}");

  ΓöÇΓöÇΓöÇΓöÇΓöÇΓöÇΓöÇΓöÇΓöÇΓöÇΓöÇΓöÇΓöÇΓöÇΓöÇΓöÇΓöÇΓöÇΓöÇΓöÇΓöÇΓöÇΓöÇΓöÇΓöÇΓöÇΓöÇΓöÇΓöÇΓöÇΓöÇΓöÇΓöÇΓöÇΓöÇΓöÇΓöÇΓöÇΓöÇΓöÇΓöÇΓöÇΓöÇΓöÇΓöÇΓöÇΓöÇΓöÇΓöÇΓöÇΓöÇΓöÇΓöÇΓöÇΓöÇΓöÇΓöÇΓöÇΓöÇΓöÇΓöÇΓöÇΓöÇΓöÇΓöÇΓöÇΓöÇΓöÇΓöÇΓöÇΓöÇΓöÇΓöÇΓöÇΓöÇΓöÇΓöÇΓöÇΓöÇΓöÇΓöÇΓöÇ  
   FAILED  Tests\Feature\ExplorationTest > personalized ai recommendations            
  Expected response status code [200] but received 404.
Failed asserting that 404 is identical to 200.

  at tests\Feature\ExplorationTest.php:155
    151Γûò         Sanctum::actingAs($user);
    152Γûò 
    153Γûò         $response = $this->getJson('/api/user/recommended');
    154Γûò 
  Γ₧£ 155Γûò         $response->assertStatus(200)
    156Γûò             ->assertJsonPath('message', 'Personalized AI recommendations');
    157Γûò     }
    158Γûò }
    159Γûò

  ΓöÇΓöÇΓöÇΓöÇΓöÇΓöÇΓöÇΓöÇΓöÇΓöÇΓöÇΓöÇΓöÇΓöÇΓöÇΓöÇΓöÇΓöÇΓöÇΓöÇΓöÇΓöÇΓöÇΓöÇΓöÇΓöÇΓöÇΓöÇΓöÇΓöÇΓöÇΓöÇΓöÇΓöÇΓöÇΓöÇΓöÇΓöÇΓöÇΓöÇΓöÇΓöÇΓöÇΓöÇΓöÇΓöÇΓöÇΓöÇΓöÇΓöÇΓöÇΓöÇΓöÇΓöÇΓöÇΓöÇΓöÇΓöÇΓöÇΓöÇΓöÇΓöÇΓöÇΓöÇΓöÇΓöÇΓöÇΓöÇΓöÇΓöÇΓöÇΓöÇΓöÇΓöÇΓöÇΓöÇΓöÇΓöÇΓöÇΓöÇΓöÇΓöÇ  
   FAILED  Tests\Feature\GuiderAuthTest > a guider can register and receives an otΓÇª   
  Expected response status code [201] but received 404.
Failed asserting that 404 is identical to 201.

  at tests\Feature\GuiderAuthTest.php:32
     28Γûò         ];
     29Γûò 
     30Γûò         $response = $this->postJson('/api/guider/register', $data);
     31Γûò 
  Γ₧£  32Γûò         $response->assertStatus(201)
     33Γûò             ->assertJson([
     34Γûò                 'message' => 'Registration successful, please verify your email',
     35Γûò                 'email' => 'axxgha.zy01@gmail.com',
     36Γûò             ]);

  ΓöÇΓöÇΓöÇΓöÇΓöÇΓöÇΓöÇΓöÇΓöÇΓöÇΓöÇΓöÇΓöÇΓöÇΓöÇΓöÇΓöÇΓöÇΓöÇΓöÇΓöÇΓöÇΓöÇΓöÇΓöÇΓöÇΓöÇΓöÇΓöÇΓöÇΓöÇΓöÇΓöÇΓöÇΓöÇΓöÇΓöÇΓöÇΓöÇΓöÇΓöÇΓöÇΓöÇΓöÇΓöÇΓöÇΓöÇΓöÇΓöÇΓöÇΓöÇΓöÇΓöÇΓöÇΓöÇΓöÇΓöÇΓöÇΓöÇΓöÇΓöÇΓöÇΓöÇΓöÇΓöÇΓöÇΓöÇΓöÇΓöÇΓöÇΓöÇΓöÇΓöÇΓöÇΓöÇΓöÇΓöÇΓöÇΓöÇΓöÇΓöÇΓöÇ  
   FAILED  Tests\Feature\GuiderAuthTest > a guider can verify their email with anΓÇª    
  Expected response status code [200] but received 404.
Failed asserting that 404 is identical to 200.

  at tests\Feature\GuiderAuthTest.php:68
     64Γûò             'email' => $guider->email,
     65Γûò             'verification_code' => $otp->token,
     66Γûò         ]);
     67Γûò 
  Γ₧£  68Γûò         $response->assertStatus(200)
     69Γûò             ->assertJson(['message' => 'Email verified successfully']);
     70Γûò 
     71Γûò         $this->assertTrue($guider->fresh()->is_verified);
     72Γûò     }


  Tests:    9 failed, 6 passed (20 assertions)
  Duration: 7.21s

